// Jest Snapshot v1, https://goo.gl/fbAQLP

exports[`Card should match the snapshot 1`] = `
ShallowWrapper {
  Symbol(enzyme.__root__): [Circular],
  Symbol(enzyme.__unrendered__): <Card
    address="123 STREET ST. DENVER, CO"
    correctPlaces={
      Array [
        Object {},
        Object {},
        Object {},
      ]
    }
    distance={23.2113}
    id={1}
    inspectionscore={25}
    name="TACO BELL"
    setCard={[MockFunction]}
    violationtype="critical"
  />,
  Symbol(enzyme.__renderer__): Object {
    "batchedUpdates": [Function],
    "checkPropTypes": [Function],
    "getNode": [Function],
    "render": [Function],
    "simulateError": [Function],
    "simulateEvent": [Function],
    "unmount": [Function],
  },
  Symbol(enzyme.__node__): Object {
    "instance": null,
    "key": undefined,
    "nodeType": "host",
    "props": Object {
      "children": Array [
        <div
          className="card-text"
        >
          <Link
            onClick={[Function]}
            to="/Rotten-Potatoes/locations/1"
          >
            Taco Bell
          </Link>
          <p>
            123 Street St. DENVER, Co
          </p>
          <p>
            23.2m away
          </p>
        </div>,
        <div
          className="card-percentage"
        >
          <p>
            inspection score:
          </p>
          <p>
            undefined%
          </p>
          <p />
        </div>,
        <div
          className="card-favorite"
        >
          +
        </div>,
      ],
      "className": "Card",
    },
    "ref": null,
    "rendered": Array [
      Object {
        "instance": null,
        "key": undefined,
        "nodeType": "host",
        "props": Object {
          "children": Array [
            <Link
              onClick={[Function]}
              to="/Rotten-Potatoes/locations/1"
            >
              Taco Bell
            </Link>,
            <p>
              123 Street St. DENVER, Co
            </p>,
            <p>
              23.2m away
            </p>,
          ],
          "className": "card-text",
        },
        "ref": null,
        "rendered": Array [
          Object {
            "instance": null,
            "key": undefined,
            "nodeType": "class",
            "props": Object {
              "children": "Taco Bell",
              "onClick": [Function],
              "to": "/Rotten-Potatoes/locations/1",
            },
            "ref": null,
            "rendered": "Taco Bell",
            "type": [Function],
          },
          Object {
            "instance": null,
            "key": undefined,
            "nodeType": "host",
            "props": Object {
              "children": "123 Street St. DENVER, Co",
            },
            "ref": null,
            "rendered": "123 Street St. DENVER, Co",
            "type": "p",
          },
          Object {
            "instance": null,
            "key": undefined,
            "nodeType": "host",
            "props": Object {
              "children": "23.2m away",
            },
            "ref": null,
            "rendered": "23.2m away",
            "type": "p",
          },
        ],
        "type": "div",
      },
      Object {
        "instance": null,
        "key": undefined,
        "nodeType": "host",
        "props": Object {
          "children": Array [
            <p>
              inspection score:
            </p>,
            <p>
              undefined%
            </p>,
            <p />,
          ],
          "className": "card-percentage",
        },
        "ref": null,
        "rendered": Array [
          Object {
            "instance": null,
            "key": undefined,
            "nodeType": "host",
            "props": Object {
              "children": "inspection score:",
            },
            "ref": null,
            "rendered": "inspection score:",
            "type": "p",
          },
          Object {
            "instance": null,
            "key": undefined,
            "nodeType": "host",
            "props": Object {
              "children": "undefined%",
            },
            "ref": null,
            "rendered": "undefined%",
            "type": "p",
          },
          Object {
            "instance": null,
            "key": undefined,
            "nodeType": "host",
            "props": Object {
              "children": undefined,
            },
            "ref": null,
            "rendered": null,
            "type": "p",
          },
        ],
        "type": "div",
      },
      Object {
        "instance": null,
        "key": undefined,
        "nodeType": "host",
        "props": Object {
          "children": "+",
          "className": "card-favorite",
        },
        "ref": null,
        "rendered": "+",
        "type": "div",
      },
    ],
    "type": "div",
  },
  Symbol(enzyme.__nodes__): Array [
    Object {
      "instance": null,
      "key": undefined,
      "nodeType": "host",
      "props": Object {
        "children": Array [
          <div
            className="card-text"
          >
            <Link
              onClick={[Function]}
              to="/Rotten-Potatoes/locations/1"
            >
              Taco Bell
            </Link>
            <p>
              123 Street St. DENVER, Co
            </p>
            <p>
              23.2m away
            </p>
          </div>,
          <div
            className="card-percentage"
          >
            <p>
              inspection score:
            </p>
            <p>
              undefined%
            </p>
            <p />
          </div>,
          <div
            className="card-favorite"
          >
            +
          </div>,
        ],
        "className": "Card",
      },
      "ref": null,
      "rendered": Array [
        Object {
          "instance": null,
          "key": undefined,
          "nodeType": "host",
          "props": Object {
            "children": Array [
              <Link
                onClick={[Function]}
                to="/Rotten-Potatoes/locations/1"
              >
                Taco Bell
              </Link>,
              <p>
                123 Street St. DENVER, Co
              </p>,
              <p>
                23.2m away
              </p>,
            ],
            "className": "card-text",
          },
          "ref": null,
          "rendered": Array [
            Object {
              "instance": null,
              "key": undefined,
              "nodeType": "class",
              "props": Object {
                "children": "Taco Bell",
                "onClick": [Function],
                "to": "/Rotten-Potatoes/locations/1",
              },
              "ref": null,
              "rendered": "Taco Bell",
              "type": [Function],
            },
            Object {
              "instance": null,
              "key": undefined,
              "nodeType": "host",
              "props": Object {
                "children": "123 Street St. DENVER, Co",
              },
              "ref": null,
              "rendered": "123 Street St. DENVER, Co",
              "type": "p",
            },
            Object {
              "instance": null,
              "key": undefined,
              "nodeType": "host",
              "props": Object {
                "children": "23.2m away",
              },
              "ref": null,
              "rendered": "23.2m away",
              "type": "p",
            },
          ],
          "type": "div",
        },
        Object {
          "instance": null,
          "key": undefined,
          "nodeType": "host",
          "props": Object {
            "children": Array [
              <p>
                inspection score:
              </p>,
              <p>
                undefined%
              </p>,
              <p />,
            ],
            "className": "card-percentage",
          },
          "ref": null,
          "rendered": Array [
            Object {
              "instance": null,
              "key": undefined,
              "nodeType": "host",
              "props": Object {
                "children": "inspection score:",
              },
              "ref": null,
              "rendered": "inspection score:",
              "type": "p",
            },
            Object {
              "instance": null,
              "key": undefined,
              "nodeType": "host",
              "props": Object {
                "children": "undefined%",
              },
              "ref": null,
              "rendered": "undefined%",
              "type": "p",
            },
            Object {
              "instance": null,
              "key": undefined,
              "nodeType": "host",
              "props": Object {
                "children": undefined,
              },
              "ref": null,
              "rendered": null,
              "type": "p",
            },
          ],
          "type": "div",
        },
        Object {
          "instance": null,
          "key": undefined,
          "nodeType": "host",
          "props": Object {
            "children": "+",
            "className": "card-favorite",
          },
          "ref": null,
          "rendered": "+",
          "type": "div",
        },
      ],
      "type": "div",
    },
  ],
  Symbol(enzyme.__options__): Object {
    "adapter": ReactSixteenAdapter {
      "options": Object {
        "enableComponentDidUpdateOnSetState": true,
        "legacyContextMode": "parent",
        "lifecycles": Object {
          "componentDidUpdate": Object {
            "onSetState": true,
          },
          "getChildContext": Object {
            "calledByRenderer": false,
          },
          "getDerivedStateFromError": true,
          "getDerivedStateFromProps": Object {
            "hasShouldComponentUpdateBug": false,
          },
          "getSnapshotBeforeUpdate": true,
          "setState": Object {
            "skipsComponentDidUpdateOnNullish": true,
          },
        },
      },
    },
  },
  Symbol(enzyme.__childContext__): null,
}
`;
